{
  "get_restriction_type": {
    "daily1": "daily_restriction",
    "daily2": "daily_restriction",
    "daily3": "daily_restriction",
    "weekly1": "weekly_restriction",
    "weekly2": "weekly_restriction"
  },
  "get_rotation_turn_length": {
    "daily": 86400,
    "weekly": 604800,
    "custom_hours": 7200,
    "custom_days": 259200,
    "custom_weeks": 2419200
  },
  "get_virtual_start": {
    "daily": "2017-08-01T00:00:00+00:00",
    "weekly": "2017-08-02T00:00:00+00:00",
    "custom1": "2017-08-01T00:00:00+00:00",
    "custom2": "2017-08-03T00:00:00+00:00"
  },
  "get_restriction_duration": {
    "daily1": 28800,
    "daily2": 57600,
    "weekly1": 172800,
    "weekly2": 432000
  },
  "parse_csv": {
    "1": [
      {
        "user": "Import User 1",
        "layer_name": "Layer 1",
        "rotation_type": "weekly",
        "shift_length": null,
        "shift_type": null,
        "handoff_day": "Wednesday",
        "handoff_time": "0:00",
        "restriction_start_day": "Monday",
        "restriction_start_time": "0:00",
        "restriction_end_day": "Wednesday",
        "restriction_end_time": "0:00",
        "restriction_type": "weekly_restriction"
      },
      {
        "user": "Import User 2",
        "layer_name": "Layer 1",
        "rotation_type": "weekly",
        "shift_length": null,
        "shift_type": null,
        "handoff_day": "Wednesday",
        "handoff_time": "0:00",
        "restriction_start_day": "Monday",
        "restriction_start_time": "0:00",
        "restriction_end_day": "Wednesday",
        "restriction_end_time": "0:00"
      },
      {
        "user": "Import User 3",
        "layer_name": "Layer 1",
        "rotation_type": "weekly",
        "shift_length": null,
        "shift_type": null,
        "handoff_day": "Wednesday",
        "handoff_time": "0:00",
        "restriction_start_day": "Monday",
        "restriction_start_time": "0:00",
        "restriction_end_day": "Wednesday",
        "restriction_end_time": "0:00"
      },
      {
        "user": "Import User 4",
        "layer_name": "Layer 1",
        "rotation_type": "weekly",
        "shift_length": null,
        "shift_type": null,
        "handoff_day": "Wednesday",
        "handoff_time": "0:00",
        "restriction_start_day": "Monday",
        "restriction_start_time": "0:00",
        "restriction_end_day": "Wednesday",
        "restriction_end_time": "0:00"
      }
    ],
    "2": [
      {
        "user": "Import User 3",
        "layer_name": "Layer 2",
        "rotation_type": "weekly",
        "shift_length": null,
        "shift_type": null,
        "handoff_day": "Wednesday",
        "handoff_time": "8:00",
        "restriction_start_day": "Wednesday",
        "restriction_start_time": "0:00",
        "restriction_end_day": "Friday",
        "restriction_end_time": "0:00",
        "restriction_type": "weekly_restriction"
      },
      {
        "user": "Import User 4",
        "layer_name": "Layer 2",
        "rotation_type": "weekly",
        "shift_length": null,
        "shift_type": null,
        "handoff_day": "Wednesday",
        "handoff_time": "8:00",
        "restriction_start_day": "Wednesday",
        "restriction_start_time": "0:00",
        "restriction_end_day": "Friday",
        "restriction_end_time": "0:00"
      },
      {
        "user": "Import User 1",
        "layer_name": "Layer 2",
        "rotation_type": "weekly",
        "shift_length": null,
        "shift_type": null,
        "handoff_day": "Wednesday",
        "handoff_time": "8:00",
        "restriction_start_day": "Wednesday",
        "restriction_start_time": "0:00",
        "restriction_end_day": "Friday",
        "restriction_end_time": "0:00"
      },
      {
        "user": "Import User 2",
        "layer_name": "Layer 2",
        "rotation_type": "weekly",
        "shift_length": null,
        "shift_type": null,
        "handoff_day": "Wednesday",
        "handoff_time": "8:00",
        "restriction_start_day": "Wednesday",
        "restriction_start_time": "0:00",
        "restriction_end_day": "Friday",
        "restriction_end_time": "0:00"
      }
    ],
    "3": [
      {
        "user": "Import User 2",
        "layer_name": "Layer 3",
        "rotation_type": "weekly",
        "shift_length": null,
        "shift_type": null,
        "handoff_day": "Wednesday",
        "handoff_time": "8:00",
        "restriction_start_day": "Friday",
        "restriction_start_time": "0:00",
        "restriction_end_day": "Monday",
        "restriction_end_time": "0:00",
        "restriction_type": "weekly_restriction"
      },
      {
        "user": "Import User 3",
        "layer_name": "Layer 3",
        "rotation_type": "weekly",
        "shift_length": null,
        "shift_type": null,
        "handoff_day": "Wednesday",
        "handoff_time": "8:00",
        "restriction_start_day": "Friday",
        "restriction_start_time": "0:00",
        "restriction_end_day": "Monday",
        "restriction_end_time": "0:00"
      },
      {
        "user": "Import User 4",
        "layer_name": "Layer 3",
        "rotation_type": "weekly",
        "shift_length": null,
        "shift_type": null,
        "handoff_day": "Wednesday",
        "handoff_time": "8:00",
        "restriction_start_day": "Friday",
        "restriction_start_time": "0:00",
        "restriction_end_day": "Monday",
        "restriction_end_time": "0:00"
      },
      {
        "user": "Import User 1",
        "layer_name": "Layer 3",
        "rotation_type": "weekly",
        "shift_length": null,
        "shift_type": null,
        "handoff_day": "Wednesday",
        "handoff_time": "8:00",
        "restriction_start_day": "Friday",
        "restriction_start_time": "0:00",
        "restriction_end_day": "Monday",
        "restriction_end_time": "0:00"
      }
    ]
  },
  "start_date_timedelta": {
    "less": "2016-08-25T00:00:00+00:00",
    "greater": "2016-08-27T00:00:00+00:00",
    "equal": "2016-08-23T00:00:00+00:00"
  },
  "get_weekday": {
    "sunday1": 6,
    "sunday2": 6,
    "monday1": 0,
    "monday2": 0,
    "tuesday1": 1,
    "tuesday2": 1,
    "wednesday1": 2,
    "wednesday2": 2,
    "thursday1": 3,
    "thursday2": 3,
    "friday1": 4,
    "friday2": 4,
    "saturday1": 5,
    "saturday2": 5
  },
  "nullify": {
    "null": null,
    "val1": "test",
    "val2": 0,
    "val3": [0, 1, 2, 3],
    "val4": {
      "test": "ing",
      "this": "function"
    }
  },
  "check_layers": {
    "valid1": true,
    "valid2": true,
    "invalid1": false,
    "invalid2": false
  },
  "parse_layers": {
    "valid": [
      {
        "name": "Layer 1",
        "start": "2017-01-01T00:00:00+00:00",
        "end": "2017-02-01T00:00:00+00:00",
        "rotation_virtual_start": "2017-01-04T00:00:00+00:00",
        "rotation_turn_length_seconds": 604800,
        "users": [
          {
            "user": {
              "id": "P7E5C85",
              "type": "user"
            }
          },
          {
            "user": {
              "id": "PJRFB3Z",
              "type": "user"
            }
          },
          {
            "user": {
              "id": "PYWIYMW",
              "type": "user"
            }
          },
          {
            "user": {
              "id": "PNBLWIT",
              "type": "user"
            }
          }
        ],
        "restrictions": [
          {
            "type": "weekly_restriction",
            "start_time_of_day": "0:00",
            "start_day_of_week": 1,
            "duration_seconds": 172800
          }
        ]
      },
      {
        "name": "Layer 2",
        "start": "2017-01-01T00:00:00+00:00",
        "end": "2017-02-01T00:00:00+00:00",
        "rotation_virtual_start": "2017-01-04T08:00:00+00:00",
        "rotation_turn_length_seconds": 604800,
        "users": [
          {
            "user": {
              "id": "PYWIYMW",
              "type": "user"
            }
          },
          {
            "user": {
              "id": "PNBLWIT",
              "type": "user"
            }
          },
          {
            "user": {
              "id": "P7E5C85",
              "type": "user"
            }
          },
          {
            "user": {
              "id": "PJRFB3Z",
              "type": "user"
            }
          }
        ],
        "restrictions": [
          {
            "type": "weekly_restriction",
            "start_time_of_day": "0:00",
            "start_day_of_week": 3,
            "duration_seconds": 172800
          }
        ]
      },
      {
        "name": "Layer 3",
        "start": "2017-01-01T00:00:00+00:00",
        "end": "2017-02-01T00:00:00+00:00",
        "rotation_virtual_start": "2017-01-04T08:00:00+00:00",
        "rotation_turn_length_seconds": 604800,
        "users": [
          {
            "user": {
              "id": "PJRFB3Z",
              "type": "user"
            }
          },
          {
            "user": {
              "id": "PYWIYMW",
              "type": "user"
            }
          },
          {
            "user": {
              "id": "PNBLWIT",
              "type": "user"
            }
          },
          {
            "user": {
              "id": "P7E5C85",
              "type": "user"
            }
          }
        ],
        "restrictions": [
          {
            "type": "weekly_restriction",
            "start_time_of_day": "0:00",
            "start_day_of_week": 5,
            "duration_seconds": 259200
          }
        ]
      }
    ]
  }
}
